# tests/qemu-boot.expected -- required substrings for a healthy QEMU boot log.
# One literal substring per line; blank lines and '#' comments are ignored.
# Checked by tools/check-boot-log.sh via `grep -aF` (the log interleaves raw
# single-char tick bytes, so it must be forced to text). Substrings stop just
# before the first run-variable field (ttbr0_pa / child_e / entry / freed / at);
# nr= values are fixed boot-table slots (kernel-shared/src/com.rs).

# Kernel banner (kernel/src/main.rs)
minix.rs booting on aarch64

# Address-space bring-up: 9 servers + init (arch/aarch64/userland.rs). The tty
# line is new in slice 5.3 and the memory line in 5.7 -- the two user-space
# *drivers*, packed between ds and vfs so each is in its receive loop before its
# first client (which is vfs for both).
[as] vm nr=7 ttbr0_pa=
[as] ds nr=5 ttbr0_pa=
[as] tty nr=4 ttbr0_pa=
[as] memory nr=3 ttbr0_pa=
[as] vfs nr=1 ttbr0_pa=
[as] sched nr=9 ttbr0_pa=
[as] rs nr=2 ttbr0_pa=
[as] pm nr=0 ttbr0_pa=
[as] init nr=10 ttbr0_pa=

# ...plus the 4 boot stubs (13 [as] lines total)
[as] stub A nr=11 ttbr0_pa=
[as] stub B nr=12 ttbr0_pa=
[as] stub C nr=13 ttbr0_pa=
[as] stub D nr=14 ttbr0_pa=

# init's fork/exec/wait cycle (head-carved kernel traces; slot 15 is the
# fork-pool base, recycled every cycle; exec renames the child to "worker")
[ksys SYS_FORK] parent=i nr=10 child_nr=15
[ksys SYS_EXEC] target=15 name=worker entry=
[ksys SYS_EXIT] target=w nr=15 freed=

# Stub D's designed SIGSEGV chain: page fault -> VM -> SYS_KILL sig=11 -> PM
# tears the stub down with SYS_EXIT
[pf] proc=D far=
[ksys SYS_KILL] target=D nr=14 sig=11 -> pm
[ksys SYS_EXIT] target=D nr=14 freed=

# RS's periodic kernel alarm: assert only the FIRST fire (always inside the
# head carve-out) -- timing-robust under slow CI TCG, unlike a fire count
[alarm 1] owner=r nr=2 at=

# Slice 5.1: stub A's one-shot bad-pointer probes. Each returns EFAULT instead
# of taking an EL1 data abort (which the forbidden list catches as a panic).
# Between them they cover every arm of the copy engine: probe 1 is a fully
# unmapped page, probe 2 straddles A's stack page into the unmapped one above
# it, probe 3 fails in the deferred MF_DELIVERMSG flush and lands EFAULT in A's
# parked x0, and probe 4 names A's *mapped but read-only* code page -- the only
# check on that path is the copy engine's own Prot::writable test, since the
# kernel writes through the HHDM alias where EL0 permission bits do not apply.
# call=1 is SEND; nr=11 is stub A. These lines are unsampled, so unlike
# `[ipc N]` they cannot drift with IPC ordering.
[efault] proc=A nr=11 call=1 va=0x900000
[efault] proc=A nr=11 call=1 va=0x800ff8
[efault deliver] proc=A nr=11 va=0x900000
[efault deliver] proc=A nr=11 va=0x400000

# Slice 5.1: SYS_DIAGCTL is real -- every SEF server announces itself from EL0
# through the kernel debug channel. The name prefix comes from the kernel's own
# proc slot, not the payload, so these lines cannot be spoofed. Assert two of
# the six: vm is the first server packed in the MXBI archive, pm the last, so
# together they bracket the whole roster.
[diag vm] sef ready
[diag pm] sef ready

# Slice 5.2: the grant engine, end to end. VFS direct-grants PM a 64-byte
# read-only buffer and hands the id over in a PM_GRANT_TEST message; PM reads it
# through the grant, then reads the *same* bytes again with the ungranted
# SYS_COPY and compares. `match=1` is the whole point — it proves the grant path
# moved the right bytes, not merely some bytes. Registration is per-granter, so
# both VFS (proc=1) and PM (proc=0) appear; assert VFS's, which is the one the
# demo's grant is served from.
[ksys SYS_SETGRANT] proc=1 entries=
[ksys SYS_SAFECOPY] granter=
[ksys SYS_COPY] src=
[diag pm] grant.test ok
[diag pm] copy ok match=1

# ...and the magic (third-party) arm: PM grants *itself* access to init's text
# page and safecopies out of init's address space, a process that granted
# nothing. Only the length is asserted — the bytes are init's instruction
# encodings and change whenever init is rebuilt. Without this line the magic
# path would be dead code until slice 5.5.
[diag pm] magic ok

# Slice 5.2: the copies that must be REFUSED. Seven safecopies, each valid in
# every respect but one. Five are EPERM from `verify_grant` — wrong grantee,
# wrong access, stale sequence, out-of-range index, past the end of the granted
# range — and two are EFAULT from the copy engine itself: a granter claiming
# CPF_WRITE over its own read-only .rodata (only `Prot::writable` stands between
# that lie and a corrupted page, since the kernel copies through the HHDM alias)
# and a well-formed grant over an unmapped page. Remove any one of those checks
# and that copy succeeds, so this line turns into `grant.deny FAIL <which>` and
# the marker disappears. (The `CPF_INDIRECT` and magic-`SYS_PROC` arms are not
# probed; see `grant_denials` in servers/pm for why neither is reachable yet.)
[diag pm] grant.deny ok

# ---------------------------------------------------------------------------
# Slice 5.3: the TTY console driver and the CDEV band.
# ---------------------------------------------------------------------------

# The driver announces itself on the kernel debug channel, exactly like the six SEF
# servers. Distinct from the console banner below: this one proves TTY reached
# `sef_startup`, before it has touched any hardware.
[diag tty] sef ready

# The kernel pre-maps the PL011's MMIO page into TTY's address space with Device
# attributes (there is no VMCTL_MAP_PHYS -- D1 deferred VM-mediated device mapping
# to Phase 6, so this is a bring-up step like the stack page). va/pa are fixed
# constants (uspace::TTY_UART_VA, uart::PL011_PHYS_BASE) so both are asserted; the
# attr_idx is NOT, because which MAIR index already encodes a Device type depends on
# what the bootloader programmed. Delete this pre-map, or weaken it to a
# non-writable Prot, and TTY's first register store takes an EL0 data abort -- which
# the forbidden list catches.
[devmap] tty va=0x40000000 pa=0x9000000 attr_idx=

# TTY never exits, so `teardown_addrspace`'s device arm would be untested code on a
# live landmine: a missing `prot.device` guard makes `free_frame` panic on the
# UART's PA. `userland::device_teardown_selftest` therefore builds one throwaway
# address space holding exactly one device leaf and tears it down at boot. Both
# counts are asserted -- freed=0 proves the leaf was NOT freed, devs=1 proves it was
# actually seen (a guard that skipped every leaf would give freed=0 devs=0).
# Unconditional, so the --no-default-features boot covers it too.
[devmap] selftest ok freed=0 devs=1

# The milestone. Every other line in this log carries a kernel trace prefix
# ([as] / [ipc] / [ksys] / [diag] / [pf] / [devmap]); this one was composed at EL0
# and reached the wire through a user-space store to a device register.
minix.rs console: tty online (EL0)

# Slice 5.3: VFS drives the console over CDEV_WRITE. It resolves TTY through DS
# rather than hard-coding boot_endpoint(TTY_PROC_NR) -- what a real client does. The
# lookup is not deterministic by construction (it works because build.rs packs tty
# before vfs), so a failed lookup falls back to the boot endpoint and emits
# `cdev.ds FAIL` instead: the demo still runs, and *this* marker disappears, so an
# ordering regression turns CI red specifically rather than silently passing.
[diag vfs] cdev.ds ok ep=

# A real write: a read-only direct grant over VFS's banner, and a reply compared
# against the granted length. `match=1` rather than the length itself -- self-
# checking, and independent of the banner text. A driver replying OK instead of the
# byte count gives match=0.
[diag vfs] cdev.write ok match=1

# The short-write contract: VFS asks for CDEV_MAX_IO + 8 bytes and must get exactly
# CDEV_MAX_IO back. That is what lets a driver stage through a fixed buffer with no
# allocator, and it is the difference between "write returns a count" and "write
# returns success". Change the clamp and this number changes with it.
[diag vfs] cdev.short ok n=256

# ...and the two requests that must be REFUSED, each valid in every respect but
# one: minor 7 with a perfectly good grant (ENXIO, from TTY's own minor check), and
# a grant issued to PM rather than TTY (EPERM, from the kernel's `who_to` check --
# the property that makes a grant id safe to pass around at all). Remove either
# check and that request succeeds, so this line becomes `cdev.deny FAIL <name>`.
[diag vfs] cdev.deny ok n=2

# ---------------------------------------------------------------------------
# Slice 5.4: the POSIX write path -- init -> VFS -> TTY, with one copy.
# ---------------------------------------------------------------------------
#
# These three lines are written BY init, THROUGH the path they test. init holds no
# kernel calls and no grant table (the shared USER priv), so it has no debug
# channel: `write()` is its only way to speak, and a regression takes the evidence
# with it rather than reporting on itself.
#
# Asserted substrings are kept short on purpose. The log interleaves raw kernel
# tick bytes, and TTY's EL0 stores can be preempted mid-line, so a whole-line match
# is not reliable -- the same rule the [as]/[ksys] markers follow.

# The milestone: a user process put bytes on the console under its own POSIX call.
# VFS resolved fd 1, issued a MAGIC grant naming init's buffer with TTY as grantee,
# and TTY safecopied straight out of init's address space -- VFS never touched the
# bytes. The grant's owner comes from the kernel-stamped m_source; read it from a
# payload field instead and every line in this block vanishes (EPERM: the grant
# would name the wrong owner).
minix.rs init: hello via VFS write

# A line longer than one CDEV_WRITE can carry. CDEV_MAX_IO is a driver staging
# detail and must not leak into write()'s return, so VFS re-sends with `offset`
# advanced until the buffer is out. This tail marker sits past the clamp: drop
# VFS's loop and the console gets the first 256 bytes while this substring -- and
# only this substring -- disappears.
vfs-loop-end

# ...and the count that write returned, checked by init against what it asked for.
# The other half of the same contract, and neither half subsumes the other: a
# write() that moved every byte but replied OK would still print the tail above
# while lying to a caller looping on the result. `match=1` rather than the number
# itself is the 5.3 convention -- self-checking, and init has no way to format an
# integer anyway (no server-rt, so no diag_fmt).
minix.rs init: vfs.long ok match=1

# Four refusals, then the summary on fd 2 (so that descriptor is proven too).
# Each probe is well-formed but for one field: descriptor 3 (in range of the fd
# row, not open -> EBADF), a request number one past VFS_WRITE (-> ENOSYS, and the
# reply itself is the assertion -- a dropped unknown request would block init
# forever and hang the boot), an unmapped buffer (-> EFAULT from the kernel's
# page-table walk, relayed back through TTY and VFS unflattened; it costs init no
# page fault, since the copy engine walks rather than dereferences), and a negative
# length (-> EINVAL, which unchecked would widen into a ~16 EiB u64 on the grant).
# A missing check makes its probe succeed and turns this into
# `vfs.deny FAIL <name>`. A zero-length write is deliberately not probed here --
# it is a legal no-op, not a denial, and `write::validate` covers it (and the
# check order that keeps it from issuing a grant) in host tests.
minix.rs init: vfs.deny ok n=4

# ---------------------------------------------------------------------------
# Slice 5.5: the exec ABI -- a SysV initial stack, so musl's crt runs unpatched.
# ---------------------------------------------------------------------------

# The kernel's half: SYS_EXEC now builds [argc][argv][NULL][envp NULL][auxv]
# [AT_NULL] on the new image's stack page and points sp_el0 at it. auxv=4 is the
# full set -- AT_PHDR/AT_PHNUM/AT_PHENT/AT_PAGESZ -- and the first three appear
# only because userland/worker/user.ld uses the `FILEHDR PHDRS` idiom, so the
# first PT_LOAD covers the ELF header. Revert that link change and this becomes
# auxv=1: the count is what makes the conditional arm observable rather than
# quietly dead. sp is last because it is the run-variable field.
[exec] argc=1 envc=0 auxv=4 sp=0x

# ...and the EL0 half, which is the one that actually proves anything: the trace
# above only says the kernel *thinks* it wrote a frame. `worker`'s _start is
# naked (`mov x0, sp` is the first instruction it runs, so no prologue can
# perturb the value) and it checks the frame byte for byte -- alignment, argc,
# the argv[0] string, both NULL terminators, AT_PAGESZ, and a phdr readable at
# AT_PHDR. The verdict leaves as its exit status rather than a console line,
# because worker runs once per init fork cycle; init reaps that child -- matched
# by pid, since PM parents the demo stubs to init and stub D's early SIGSEGV
# would otherwise be the first thing reaped -- and prints its status once. A
# failing check turns this into `exec stack FAIL code=N` (forbidden), naming
# which property broke. Success is the positive sentinel EXEC_STACK_PROBE_PASS,
# not 0: PM's kill path zombifies a signalled process without setting
# exit_status, so a worker that faulted before reporting is reaped with 0 --
# which prints `exec stack FAIL no-verdict` rather than passing silently.
minix.rs init: exec stack ok

# --- slice 5.6: the first C program on minix.rs (milestone A) -------------

# `init` alternates its exec target between `worker` and `hello` (EXEC_TARGETS),
# so 5.5's exec-stack probe above stays live alongside the C milestone. Both
# land inside do_exec's 6-call head carve-out, so both traces appear.
#
# Deliberately NOT keyed on the `target=` slot number, and therefore not on the
# whole `[ksys SYS_EXEC] ` prefix either (the slot sits between them): init's
# fork pool hands out 15 and 16 in alternation, and which one carries `hello`
# differs between the default and --no-default-features configs (15 stub-free,
# 16 with stubs). A marker naming a slot passes in one config and is vacuous in
# the other -- the slice-5.5 lesson, applied before it could bite. `entry=` is
# kept so this matches do_exec's trace and not some other line.
name=hello entry=

# The milestone itself: a C program compiled against the musl fork (external/
# musl), linked with rust-lld, exec'd out of the boot archive, reaching serial
# through printf -> VFS -> TTY.
#
# This line does NOT prove the flush path, despite being the obvious candidate.
# musl's stdout starts *line* buffered (`.lbf = '\n'`), and it is __stdout_write
# -- reached on the first flush -- that sets f->lbf = -1 after the fork's ioctl
# answers -ENOTTY. So this write goes out immediately via the line-buffered
# path, and only the printfs AFTER it are fully buffered. The `iov ok` and
# `errno ok` markers below are the ones that reach the console solely because
# exit() ran __stdio_exit.
minix.rs hello: Hello from C!

# fd 2, unbuffered, through the same VFS path -- a different descriptor and a
# different buffering mode than the line above.
minix.rs hello: stderr works

# Phase-5 decision D7 (errno identity) proven at RUNTIME rather than only at
# compile time. tools/build-musl.sh statically asserts the POSIX magnitudes
# against the fork's own bits/errno.h; this checks the whole chain end to end --
# VFS answers EBADF for fd 3 (in range of the fd row, not open), the driver
# relays it, syscall_ret.c turns the negative return into errno, and the value C
# compares against <errno.h>'s EBADF matches. Emitted ONLY when write(3, ...)
# returns -1 *and* errno == EBADF, so it cannot appear by accident.
minix.rs hello: errno ok

# The two-iovec writev path. musl's __stdio_write hands writev the PENDING
# stream buffer as iov[0] and the new data as iov[1]; both are non-empty only
# when an over-large write arrives with bytes still buffered, which hello sets
# up deliberately. Without that setup every write in the program is a single
# iovec and a writev that ignored iov[1..] would pass unnoticed -- mutation-
# tested: looping only over iov[0] makes __stdio_write spin forever and takes
# all four lines below with it.
#
# Two independent halves, the 5.4 shape. The tail only reaches the console if
# the second iovec was sent...
iov-end
# ...and this says fwrite accounted for every byte. A writev that moved the
# bytes but under-reported would print the tail and still be broken.
minix.rs hello: iov ok match=1

# ---------------------------------------------------------------------------
# Slice 5.7: the BDEV band, the `memory` ramdisk driver, and the root image.
# ---------------------------------------------------------------------------
#
# Every marker below is identical with and without `boot-stubs` AND with and
# without the musl sysroot. That is what the FIXED image size buys: in the
# sysroot-absent build `kernel/build.rs` packs the 15 KB `worker` ELF as `hello`,
# so a content-sized image would make len/pages/blocks config-dependent -- the
# slice-5.5/5.6 "right in one config, vacuous in the other" trap.

# The kernel copies the archive's `rootfs` blob into fresh RAM frames and maps
# them into the memory driver's address space, page by page. Every field is a
# constant (uspace::RAMDISK_VA, rootfs::ROOTFS_IMAGE_BYTES / _BLOCKS), so all
# three are asserted. Unlike the tty device page these are ordinary RAM mapped
# Prot::RW_DATA -- no `prot.device` carve-out is involved anywhere.
[ramdisk] mem va=0x80000000 len=1048576 pages=256

# The driver announces itself on the kernel debug channel, exactly like the six
# SEF servers and the tty driver.
[diag memory] sef ready

# ...and then proves the mapping is real, complete, and holds this build's image.
# Two 32-byte SYS_COPY(SELF -> SELF) reads, so the driver never dereferences the
# mapping and a page the kernel failed to map is an EFAULT return rather than an
# EL0 data abort.
#
# `blocks=256` cross-checks the image header's OWN block count against the length
# SYS_GETINFO(GET_RAMDISK) reported -- two independently derived numbers, binding
# mkfs's geometry to the kernel's copy.
#
# `tail=1` is the 32-byte label read from the image's LAST block, whose text
# deliberately differs from the header's. It is the only thing in the whole boot
# that proves the copy loop reached the end of the blob: a loop that failed to
# advance would map 256 pages of block 0 and pass every header check.
#
# This is a DEVICE-level check, not a format-level one -- no superblock is
# decoded and `minixrs-mfs` is not a dependency of this driver, so Phase 6 can
# drop virtio-blk in under an unchanged MFS. `tools/mkfs-mfs`'s round-trip test
# `the_image_header_agrees_with_the_real_superblock` is what licenses checking the
# header instead; slice 5.8's READSUPER closes it for real.
[diag memory] ramdisk ok blocks=256 tail=1

# VFS drives the block device over BDEV_READ, resolving `memory` through DS
# rather than hard-coding boot_endpoint(MEM_PROC_NR) -- the 5.3 contract, with the
# same non-deterministic-publish caveat and the same distinguishable
# `bdev.ds FAIL` fallback.
[diag vfs] bdev.ds ok ep=

# A real read. The reply *is* the byte count, so a driver replying OK gives a
# different number here. This is also the first SUCCESSFUL `SAFECOPY_TO` anywhere
# in the tree -- every other use is a denial probe -- so it is what proves the
# kernel's CPF_WRITE + Prot::writable success path at all.
[diag vfs] bdev.read ok n=32

# The header bytes survived IPC + grant + safecopy...
[diag vfs] bdev.head ok match=1

# ...and the `block` field reached the right page. Head and tail do NOT subsume
# each other: a driver that ignored `block` would return the header for both, and
# the driver's own `tail=1` above proves the kernel's copy loop, not BDEV
# indexing. VFS zeroes its buffer between the two reads, so a read that moved
# nothing cannot pass this on stale bytes.
[diag vfs] bdev.tail ok match=1

# Ten refusals, each well-formed but for one field: minor 7 (-> ENXIO, the
# driver's own minor check), one block past the end (-> EINVAL, not EIO: a block
# device's size is known to its client), BDEV_MAX_IO + 1 bytes (-> EINVAL, the
# deliberate departure from CDEV's clamp -- a short block read is useless to a
# filesystem), a negative length (-> EINVAL, which unchecked would widen into a
# ~16 EiB u64), a grant issued to PM (-> EPERM, the kernel's `who_to` check), a
# CPF_READ-only grant used as a copy DESTINATION (-> EPERM: the access mask in the
# WRITE direction, which slice 5.3 never exercised), BDEV_WRITE (-> EROFS, not
# ENOSYS -- that distinction is the whole reason the request has a number),
# BDEV_WRITE to minor 7 (-> ENXIO, not EROFS: the driver validates before it
# refuses, so it never asserts read-onlyness about a device it does not have --
# and without this probe that arm could be reduced back to a bare EROFS with no
# marker moving), a request one past the band (-> ENOSYS, and the reply itself is
# the assertion: a dropped unknown would block VFS in its SENDREC forever and take
# every later marker with it), and SYS_GETINFO(GET_RAMDISK) issued by VFS
# (-> EPERM, the gate that keeps a VA mapped into one address space from being
# handed to another). A missing check makes its probe succeed and turns this into
# `bdev.deny FAIL <name>`.
[diag vfs] bdev.deny ok n=10
