# tests/qemu-boot.expected -- required substrings for a healthy QEMU boot log.
# One literal substring per line; blank lines and '#' comments are ignored.
# Checked by tools/check-boot-log.sh via `grep -aF` (the log interleaves raw
# single-char tick bytes, so it must be forced to text). Substrings stop just
# before the first run-variable field (ttbr0_pa / child_e / entry / freed / at);
# nr= values are fixed boot-table slots (kernel-shared/src/com.rs).

# Kernel banner (kernel/src/main.rs)
minix.rs booting on aarch64

# Address-space bring-up: 10 servers + init (arch/aarch64/userland.rs). The tty
# line is new in slice 5.3, the memory line in 5.7, and the mfs line in 5.8.
#
# The order below is `kernel/build.rs`'s `servers` array, and it is load-bearing
# rather than cosmetic: DS first so every later DS_PUBLISH lands, then each
# server before its first client's DS_RETRIEVE -- ds < tty < memory < mfs < vfs.
# MEM precedes MFS (MFS's `bdev.ds` lookup) and MFS precedes VFS (VFS's `fs.ds`
# lookup). Both lookups fall back to boot_endpoint and say so, so a reordering
# turns those two markers red rather than hanging the boot.
[as] vm nr=7 ttbr0_pa=
[as] ds nr=5 ttbr0_pa=
[as] tty nr=4 ttbr0_pa=
[as] memory nr=3 ttbr0_pa=
[as] mfs nr=6 ttbr0_pa=
[as] vfs nr=1 ttbr0_pa=
[as] sched nr=9 ttbr0_pa=
[as] rs nr=2 ttbr0_pa=
[as] pm nr=0 ttbr0_pa=
[as] init nr=10 ttbr0_pa=

# ...plus the 4 boot stubs (14 [as] lines total)
[as] stub A nr=11 ttbr0_pa=
[as] stub B nr=12 ttbr0_pa=
[as] stub C nr=13 ttbr0_pa=
[as] stub D nr=14 ttbr0_pa=

# init's fork/exec/wait cycle (head-carved kernel traces; slot 15 is the
# fork-pool base, recycled every cycle; exec renames the child to "worker")
[ksys SYS_FORK] parent=i nr=10 child_nr=15
[ksys SYS_EXEC] target=15 name=worker src=name entry=
[ksys SYS_EXIT] target=w nr=15 freed=

# Stub D's designed SIGSEGV chain: page fault -> VM -> SYS_KILL sig=11 -> PM
# tears the stub down with SYS_EXIT
[pf] proc=D far=
[ksys SYS_KILL] target=D nr=14 sig=11 -> pm
[ksys SYS_EXIT] target=D nr=14 freed=

# RS's periodic kernel alarm: assert only the FIRST fire (always inside the
# head carve-out) -- timing-robust under slow CI TCG, unlike a fire count
[alarm 1] owner=r nr=2 at=

# Slice 5.1: stub A's one-shot bad-pointer probes. Each returns EFAULT instead
# of taking an EL1 data abort (which the forbidden list catches as a panic).
# Between them they cover every arm of the copy engine: probe 1 is a fully
# unmapped page, probe 2 straddles A's stack page into the unmapped one above
# it, probe 3 fails in the deferred MF_DELIVERMSG flush and lands EFAULT in A's
# parked x0, and probe 4 names A's *mapped but read-only* code page -- the only
# check on that path is the copy engine's own Prot::writable test, since the
# kernel writes through the HHDM alias where EL0 permission bits do not apply.
# call=1 is SEND; nr=11 is stub A. These lines are unsampled, so unlike
# `[ipc N]` they cannot drift with IPC ordering.
[efault] proc=A nr=11 call=1 va=0x900000
[efault] proc=A nr=11 call=1 va=0x800ff8
[efault deliver] proc=A nr=11 va=0x900000
[efault deliver] proc=A nr=11 va=0x400000

# Slice 5.1: SYS_DIAGCTL is real -- every SEF server announces itself from EL0
# through the kernel debug channel. The name prefix comes from the kernel's own
# proc slot, not the payload, so these lines cannot be spoofed. Assert two of
# the six: vm is the first server packed in the MXBI archive, pm the last, so
# together they bracket the whole roster.
[diag vm] sef ready
[diag pm] sef ready

# Slice 5.2: the grant engine, end to end. VFS direct-grants PM a 64-byte
# read-only buffer and hands the id over in a PM_GRANT_TEST message; PM reads it
# through the grant, then reads the *same* bytes again with the ungranted
# SYS_COPY and compares. `match=1` is the whole point — it proves the grant path
# moved the right bytes, not merely some bytes. Registration is per-granter, so
# both VFS (proc=1) and PM (proc=0) appear; assert VFS's, which is the one the
# demo's grant is served from.
[ksys SYS_SETGRANT] proc=1 entries=
[ksys SYS_SAFECOPY] granter=
[ksys SYS_COPY] src=
[diag pm] grant.test ok
[diag pm] copy ok match=1

# ...and the magic (third-party) arm: PM grants *itself* access to init's text
# page and safecopies out of init's address space, a process that granted
# nothing. Only the length is asserted — the bytes are init's instruction
# encodings and change whenever init is rebuilt. Without this line the magic
# path would be dead code until slice 5.5.
[diag pm] magic ok

# Slice 5.2: the copies that must be REFUSED. Seven safecopies, each valid in
# every respect but one. Five are EPERM from `verify_grant` — wrong grantee,
# wrong access, stale sequence, out-of-range index, past the end of the granted
# range — and two are EFAULT from the copy engine itself: a granter claiming
# CPF_WRITE over its own read-only .rodata (only `Prot::writable` stands between
# that lie and a corrupted page, since the kernel copies through the HHDM alias)
# and a well-formed grant over an unmapped page. Remove any one of those checks
# and that copy succeeds, so this line turns into `grant.deny FAIL <which>` and
# the marker disappears. (The `CPF_INDIRECT` and magic-`SYS_PROC` arms are not
# probed; see `grant_denials` in servers/pm for why neither is reachable yet.)
[diag pm] grant.deny ok

# ---------------------------------------------------------------------------
# Slice 5.3: the TTY console driver and the CDEV band.
# ---------------------------------------------------------------------------

# The driver announces itself on the kernel debug channel, exactly like the six SEF
# servers. Distinct from the console banner below: this one proves TTY reached
# `sef_startup`, before it has touched any hardware.
[diag tty] sef ready

# The kernel pre-maps the PL011's MMIO page into TTY's address space with Device
# attributes (there is no VMCTL_MAP_PHYS -- D1 deferred VM-mediated device mapping
# to Phase 6, so this is a bring-up step like the stack page). va/pa are fixed
# constants (uspace::TTY_UART_VA, uart::PL011_PHYS_BASE) so both are asserted; the
# attr_idx is NOT, because which MAIR index already encodes a Device type depends on
# what the bootloader programmed. Delete this pre-map, or weaken it to a
# non-writable Prot, and TTY's first register store takes an EL0 data abort -- which
# the forbidden list catches.
[devmap] tty va=0x40000000 pa=0x9000000 attr_idx=

# TTY never exits, so `teardown_addrspace`'s device arm would be untested code on a
# live landmine: a missing `prot.device` guard makes `free_frame` panic on the
# UART's PA. `userland::device_teardown_selftest` therefore builds one throwaway
# address space holding exactly one device leaf and tears it down at boot. Both
# counts are asserted -- freed=0 proves the leaf was NOT freed, devs=1 proves it was
# actually seen (a guard that skipped every leaf would give freed=0 devs=0).
# Unconditional, so the --no-default-features boot covers it too.
[devmap] selftest ok freed=0 devs=1

# The milestone. Every other line in this log carries a kernel trace prefix
# ([as] / [ipc] / [ksys] / [diag] / [pf] / [devmap]); this one was composed at EL0
# and reached the wire through a user-space store to a device register.
minix.rs console: tty online (EL0)

# Slice 5.3: VFS drives the console over CDEV_WRITE. It resolves TTY through DS
# rather than hard-coding boot_endpoint(TTY_PROC_NR) -- what a real client does. The
# lookup is not deterministic by construction (it works because build.rs packs tty
# before vfs), so a failed lookup falls back to the boot endpoint and emits
# `cdev.ds FAIL` instead: the demo still runs, and *this* marker disappears, so an
# ordering regression turns CI red specifically rather than silently passing.
[diag vfs] cdev.ds ok ep=

# A real write: a read-only direct grant over VFS's banner, and a reply compared
# against the granted length. `match=1` rather than the length itself -- self-
# checking, and independent of the banner text. A driver replying OK instead of the
# byte count gives match=0.
[diag vfs] cdev.write ok match=1

# The short-write contract: VFS asks for CDEV_MAX_IO + 8 bytes and must get exactly
# CDEV_MAX_IO back. That is what lets a driver stage through a fixed buffer with no
# allocator, and it is the difference between "write returns a count" and "write
# returns success". Change the clamp and this number changes with it.
[diag vfs] cdev.short ok n=256

# ...and the two requests that must be REFUSED, each valid in every respect but
# one: minor 7 with a perfectly good grant (ENXIO, from TTY's own minor check), and
# a grant issued to PM rather than TTY (EPERM, from the kernel's `who_to` check --
# the property that makes a grant id safe to pass around at all). Remove either
# check and that request succeeds, so this line becomes `cdev.deny FAIL <name>`.
[diag vfs] cdev.deny ok n=2

# ---------------------------------------------------------------------------
# Slice 5.11: /dev/null and /dev/zero on the memory driver, and CDEV_READ.
# ---------------------------------------------------------------------------

# VFS resolves the memory driver through DS -- the third link in the chain
# `ds < tty < memory < mfs < vfs`, which is packing order in kernel/build.rs and
# nothing stronger. A failed lookup falls back to the boot endpoint and prints
# `mem.ds FAIL` instead, so every device marker below stays alive and only this
# one disappears: an ordering regression turns CI red here specifically.
[diag vfs] mem.ds ok ep=

# ---------------------------------------------------------------------------
# Slice 5.4: the POSIX write path -- init -> VFS -> TTY, with one copy.
# ---------------------------------------------------------------------------
#
# These three lines are written BY init, THROUGH the path they test. init holds no
# kernel calls and no grant table (the shared USER priv), so it has no debug
# channel: `write()` is its only way to speak, and a regression takes the evidence
# with it rather than reporting on itself.
#
# Asserted substrings are kept short on purpose. The log interleaves raw kernel
# tick bytes, and TTY's EL0 stores can be preempted mid-line, so a whole-line match
# is not reliable -- the same rule the [as]/[ksys] markers follow.

# The milestone: a user process put bytes on the console under its own POSIX call.
# VFS resolved fd 1, issued a MAGIC grant naming init's buffer with TTY as grantee,
# and TTY safecopied straight out of init's address space -- VFS never touched the
# bytes. The grant's owner comes from the kernel-stamped m_source; read it from a
# payload field instead and every line in this block vanishes (EPERM: the grant
# would name the wrong owner).
minix.rs init: hello via VFS write

# A line longer than one CDEV_WRITE can carry. CDEV_MAX_IO is a driver staging
# detail and must not leak into write()'s return, so VFS re-sends with `offset`
# advanced until the buffer is out. This tail marker sits past the clamp: drop
# VFS's loop and the console gets the first 256 bytes while this substring -- and
# only this substring -- disappears.
vfs-loop-end

# ...and the count that write returned, checked by init against what it asked for.
# The other half of the same contract, and neither half subsumes the other: a
# write() that moved every byte but replied OK would still print the tail above
# while lying to a caller looping on the result. `match=1` rather than the number
# itself is the 5.3 convention -- self-checking, and init has no way to format an
# integer anyway (no server-rt, so no diag_fmt).
minix.rs init: vfs.long ok match=1

# Four refusals, then the summary on fd 2 (so that descriptor is proven too).
# Each probe is well-formed but for one field: descriptor 3 (in range of the fd
# row, not open -> EBADF), a request number one past VFS_WRITE (-> ENOSYS, and the
# reply itself is the assertion -- a dropped unknown request would block init
# forever and hang the boot), an unmapped buffer (-> EFAULT from the kernel's
# page-table walk, relayed back through TTY and VFS unflattened; it costs init no
# page fault, since the copy engine walks rather than dereferences), and a negative
# length (-> EINVAL, which unchecked would widen into a ~16 EiB u64 on the grant).
# A missing check makes its probe succeed and turns this into
# `vfs.deny FAIL <name>`. A zero-length write is deliberately not probed here --
# it is a legal no-op, not a denial, and `write::validate` covers it (and the
# check order that keeps it from issuing a grant) in host tests.
minix.rs init: vfs.deny ok n=4

# ---------------------------------------------------------------------------
# Slice 5.5: the exec ABI -- a SysV initial stack, so musl's crt runs unpatched.
# ---------------------------------------------------------------------------

# The kernel's half: SYS_EXEC now builds [argc][argv][NULL][envp NULL][auxv]
# [AT_NULL] on the new image's stack page and points sp_el0 at it. auxv=4 is the
# full set -- AT_PHDR/AT_PHNUM/AT_PHENT/AT_PAGESZ -- and the first three appear
# only because userland/worker/user.ld uses the `FILEHDR PHDRS` idiom, so the
# first PT_LOAD covers the ELF header. Revert that link change and this becomes
# auxv=1: the count is what makes the conditional arm observable rather than
# quietly dead. sp is last because it is the run-variable field.
[exec] argc=1 envc=0 auxv=4 sp=0x

# ...and the EL0 half, which is the one that actually proves anything: the trace
# above only says the kernel *thinks* it wrote a frame. `worker`'s _start is
# naked (`mov x0, sp` is the first instruction it runs, so no prologue can
# perturb the value) and it checks the frame byte for byte -- alignment, argc,
# the argv[0] string, both NULL terminators, AT_PAGESZ, and a phdr readable at
# AT_PHDR. The verdict leaves as its exit status rather than a console line,
# because worker runs once per init fork cycle; init reaps that child -- matched
# by pid, since PM parents the demo stubs to init and stub D's early SIGSEGV
# would otherwise be the first thing reaped -- and prints its status once. A
# failing check turns this into `exec stack FAIL code=N` (forbidden), naming
# which property broke. Success is the positive sentinel EXEC_STACK_PROBE_PASS,
# not 0: PM's kill path zombifies a signalled process without setting
# exit_status, so a worker that faulted before reporting is reaped with 0 --
# which prints `exec stack FAIL no-verdict` rather than passing silently.
minix.rs init: exec stack ok

# --- slice 5.6: the first C program on minix.rs (milestone A) -------------

# `init` alternates its exec target between `worker` and `hello` (EXEC_TARGETS),
# so 5.5's exec-stack probe above stays live alongside the C milestone. Both
# land inside do_exec's 6-call head carve-out, so both traces appear.
#
# Deliberately NOT keyed on the `target=` slot number, and therefore not on the
# whole `[ksys SYS_EXEC] ` prefix either (the slot sits between them): init's
# fork pool hands out 15 and 16 in alternation, and which one carries `hello`
# differs between the default and --no-default-features configs (15 stub-free,
# 16 with stubs). A marker naming a slot passes in one config and is vacuous in
# the other -- the slice-5.5 lesson, applied before it could bite. `entry=` is
# kept so this matches do_exec's trace and not some other line.
#
# `src=grant` is slice 5.9: `hello` is no longer in the boot archive at all, so
# the only way to reach it is /bin/hello out of the MinixFS image, staged by VFS
# and read by the kernel through PM's grant. `name=` and `src=` are adjacent on
# purpose -- one substring proves program AND form together, which the C markers
# below cannot do (they are byte-identical whichever way hello was loaded).
name=hello src=grant entry=

# The milestone itself: a C program compiled against a forked musl, exec'd out of
# the MinixFS root (slice 5.9 dropped the boot-archive copy), reaching serial
# through printf -> VFS -> TTY.
#
# Two toolchains can produce it, and this log cannot tell them apart. The SDK
# flavor (P3c) is one `clang --target=aarch64-unknown-minixrs` call against
# $MINIXRS_SDK; the in-tree musl flavor (slice 5.6) compiles on the stand-in
# triple and links with rust-lld against target/musl-sysroot. The two binaries
# differ in size and segment count, but the markers below are BYTE-IDENTICAL
# across them -- same source, same libc, same ABI -- so nothing here needs to
# change per flavor, and equally nothing here can *prove* a flavor. That is what
# kernel/build.rs's host-side cargo::warning and the ELF checks in
# book/src/libc/overview.md are for.
#
# CI has no SDK, so qemu-smoke always exercises the musl flavor.
#
# This line does NOT prove the flush path, despite being the obvious candidate.
# musl's stdout starts *line* buffered (`.lbf = '\n'`), and it is __stdout_write
# -- reached on the first flush -- that sets f->lbf = -1 after the fork's ioctl
# answers -ENOTTY. So this write goes out immediately via the line-buffered
# path, and only the printfs AFTER it are fully buffered. The `iov ok` and
# `errno ok` markers below are the ones that reach the console solely because
# exit() ran __stdio_exit.
minix.rs hello: Hello from C!

# fd 2, unbuffered, through the same VFS path -- a different descriptor and a
# different buffering mode than the line above.
minix.rs hello: stderr works

# Phase-5 decision D7 (errno identity) proven at RUNTIME rather than only at
# compile time. tools/build-musl.sh statically asserts the POSIX magnitudes
# against the fork's own bits/errno.h; this checks the whole chain end to end --
# VFS answers EBADF for fd 3 (in range of the fd row, not open), the driver
# relays it, syscall_ret.c turns the negative return into errno, and the value C
# compares against <errno.h>'s EBADF matches. Emitted ONLY when write(3, ...)
# returns -1 *and* errno == EBADF, so it cannot appear by accident.
minix.rs hello: errno ok

# The two-iovec writev path. musl's __stdio_write hands writev the PENDING
# stream buffer as iov[0] and the new data as iov[1]; both are non-empty only
# when an over-large write arrives with bytes still buffered, which hello sets
# up deliberately. Without that setup every write in the program is a single
# iovec and a writev that ignored iov[1..] would pass unnoticed -- mutation-
# tested: looping only over iov[0] makes __stdio_write spin forever and takes
# all four lines below with it.
#
# Two independent halves, the 5.4 shape. The tail only reaches the console if
# the second iovec was sent...
iov-end
# ...and this says fwrite accounted for every byte. A writev that moved the
# bytes but under-reported would print the tail and still be broken.
minix.rs hello: iov ok match=1

# ---------------------------------------------------------------------------
# Slice 5.7: the BDEV band, the `memory` ramdisk driver, and the root image.
# ---------------------------------------------------------------------------
#
# Every marker below is identical with and without `boot-stubs` AND with and
# without the musl sysroot. That is what the FIXED image size buys: in the
# sysroot-absent build `kernel/build.rs` packs the 15 KB `worker` ELF as `hello`,
# so a content-sized image would make len/pages/blocks config-dependent -- the
# slice-5.5/5.6 "right in one config, vacuous in the other" trap.

# The kernel copies the archive's `rootfs` blob into fresh RAM frames and maps
# them into the memory driver's address space, page by page. Every field is a
# constant (uspace::RAMDISK_VA, rootfs::ROOTFS_IMAGE_BYTES / _BLOCKS), so all
# three are asserted. Unlike the tty device page these are ordinary RAM mapped
# Prot::RW_DATA -- no `prot.device` carve-out is involved anywhere.
[ramdisk] mem va=0x80000000 len=1048576 pages=256

# The driver announces itself on the kernel debug channel, exactly like the six
# SEF servers and the tty driver.
[diag memory] sef ready

# ...and then proves the mapping is real, complete, and holds this build's image.
# Two 32-byte SYS_COPY(SELF -> SELF) reads, so the driver never dereferences the
# mapping and a page the kernel failed to map is an EFAULT return rather than an
# EL0 data abort.
#
# `blocks=256` cross-checks the image header's OWN block count against the length
# SYS_GETINFO(GET_RAMDISK) reported -- two independently derived numbers, binding
# mkfs's geometry to the kernel's copy.
#
# `tail=1` is the 32-byte label read from the image's LAST block, whose text
# deliberately differs from the header's. It is the only thing in the whole boot
# that proves the copy loop reached the end of the blob: a loop that failed to
# advance would map 256 pages of block 0 and pass every header check.
#
# This is a DEVICE-level check, not a format-level one -- no superblock is
# decoded and `minixrs-mfs` is not a dependency of this driver, so Phase 6 can
# drop virtio-blk in under an unchanged MFS. `tools/mkfs-mfs`'s round-trip test
# `the_image_header_agrees_with_the_real_superblock` is what licenses checking the
# header instead; slice 5.8's READSUPER closes it for real.
[diag memory] ramdisk ok blocks=256 tail=1

# ---------------------------------------------------------------------------
# Slice 5.8a: MFS, the MinixFS v3 file-system server.
# ---------------------------------------------------------------------------
#
# Slice 5.7's `bdev.*` markers were emitted by VFS, which was standing in as the
# block device's only client. MFS is the real one now, so the whole battery moved
# to `[diag mfs]` -- `bdev.ds` / `bdev.tail` / `bdev.deny` below are the same
# probes with a better caller. Two of 5.7's are RETIRED rather than moved:
# `bdev.read ok n=32` and `bdev.head ok match=1`, both strictly subsumed by
# `mount ok` (which decodes a real 4096-byte block and validates it as MinixFS v3
# -- a read that returned nothing, or the wrong page, cannot produce that line).
#
# Every marker here is identical with and without `boot-stubs` AND with and
# without the musl sysroot. Nothing below names a proc-nr or a fork-pool slot, and
# every count derives from fixed image geometry (ROOTFS_IMAGE_BLOCKS = 256,
# MFS_BLOCK_SIZE = 4096) or from a `kernel-shared::rootfs` constant.

# MFS announces itself on the kernel debug channel, like every other SEF server.
[diag mfs] sef ready

# It resolves the `memory` driver through DS rather than hard-coding
# boot_endpoint(MEM_PROC_NR) -- the 5.3 contract, with the same
# non-deterministic-publish caveat (it works because build.rs packs memory before
# mfs) and the same distinguishable `bdev.ds FAIL ... fallback=` line.
[diag mfs] bdev.ds ok ep=

# The mount: block 0 read over BDEV, its superblock decoded at byte 1024 and
# VALIDATED as MinixFS v3. All three fields are constants, so all three are
# asserted. `blocks=256` comes from the superblock's own s_zones, while the
# driver's `ramdisk ok blocks=256` above comes from the image HEADER -- two
# independently derived numbers that must agree, which is what makes the pair
# worth more than either. This is also what retires 5.7's `bdev.read`/`bdev.head`:
# a driver that replied OK, or returned the wrong page, fails to decode here.
[diag mfs] mount ok root=1 bs=4096 blocks=256

# The whole reader, over the real image, in one line: lookup `/etc/motd` from the
# root inode, decode its inode, resolve zone 0, fetch the block, and compare the
# bytes against `kernel_shared::rootfs::ROOTFS_MOTD` -- the same constant
# kernel/build.rs built the image from, so this is a CHECK rather than a
# transcription. `match=1` is content, not length: a reader that moved the right
# NUMBER of wrong bytes is exactly the bug a length check cannot see. n=31 is
# ROOTFS_MOTD's length and is constant in every configuration.
[diag mfs] fs.selfcheck ok n=31 match=1

# ...and the single-indirect arm, read at offset 7*4096 of `/etc/pattern`. This is
# THE ONLY MARKER IN THE WHOLE BOOT THAT REACHES THAT ARM, which is why slice 5.7
# made that file mandatory rather than filler. Deliberately NOT keyed on
# /bin/hello: hello is ~200 KB with a real C toolchain but the 15 KB `worker` ELF
# in the sysroot-absent fallback, which fits inside the seven direct zones -- so a
# proof keyed on it would be vacuous in exactly the configuration CI's non-QEMU
# jobs build. /etc/pattern is 40 KiB in both.
[diag mfs] fs.indirect ok match=1

# The image's reserved LAST block, whose label deliberately differs from the
# header's. It proves the `block` field reaches the right page -- the driver's own
# `tail=1` proves only that the kernel's copy loop reached the end of the blob,
# not that BDEV indexes into it correctly.
[diag mfs] bdev.tail ok match=1

# Ten refusals, each well-formed but for one field: minor 7 (-> ENXIO, the
# driver's own minor check), one block past the end (-> EINVAL, not EIO: a block
# device's size is known to its client), BDEV_MAX_IO + 1 bytes (-> EINVAL, the
# deliberate departure from CDEV's clamp -- a short block read is useless to a
# filesystem), a negative length (-> EINVAL, which unchecked would widen into a
# ~16 EiB u64), a grant issued to PM (-> EPERM, the kernel's `who_to` check), a
# CPF_READ-only grant used as a copy DESTINATION (-> EPERM: the access mask in the
# WRITE direction, which slice 5.3 never exercised), a BDEV_WRITE whose grant
# carries only CPF_WRITE (-> EPERM from the KERNEL's grant-direction check, not
# from the driver: every geometry check passes and what refuses it is
# `verify_grant`, the guard that stops a client reading a device buffer back out
# through a write-shaped request), a BDEV_WRITE to minor 7 (-> ENXIO: the driver
# validates the device before it touches the grant, so a bad minor is reported as
# one rather than as a grant failure), a request one past the band (-> ENOSYS, and
# the reply itself is the assertion: a dropped unknown would block MFS in its
# SENDREC forever and take every later marker with it), and a
# SYS_GETINFO(GET_RAMDISK) issued by MFS (-> EPERM, the gate that keeps a VA
# mapped into one address space from being handed to another -- and MFS is a
# stronger caller for it than VFS was, being the one server that would otherwise
# have a use for such a VA). A missing check makes its probe succeed and turns
# this into `bdev.deny FAIL <name>`.
#
# The two BDEV_WRITE probes are slice 5.10a's re-pointing, and the count is
# unchanged because they replaced rather than joined. Both used to expect EROFS
# from the driver, which the real write path turns into a successful STORE -- and
# both rode the shared block-buffer grant at block 0, which holds the image header
# and the superblock, a grant this slice widened to CPF_READ | CPF_WRITE. So they
# now aim at block 1 (the one block START_BLOCK = 2 leaves spare) and are refused
# for reasons that outlive read-onlyness: a regression in either guard wastes a
# write rather than destroying the filesystem under it.
[diag mfs] bdev.deny ok n=10

# ---------------------------------------------------------------------------
# Slice 5.8b: VFS's read path -- open, read, close, from an ordinary process.
# ---------------------------------------------------------------------------

# VFS resolves MFS through DS rather than hard-coding boot_endpoint(MFS_PROC_NR)
# -- the 5.3 contract, with the same non-deterministic-publish caveat (it works
# because build.rs packs mfs before vfs) and the same distinguishable
# `fs.ds FAIL ... fallback=` line.
[diag vfs] fs.ds ok ep=

# The mount, over a real FS_READSUPER round trip rather than a peek at MFS's own
# boot-time decode -- so this line and `[diag mfs] mount ok` are independent
# statements, and a broken FS band shows up here while MFS's stays green.
[diag vfs] fs.mount ok root=1 bs=4096 blocks=256

# Fourteen refusals from the FS band, each well-formed but for one thing: a path
# that does not exist (-> ENOENT), `/etc/motd/x` naming a FILE as an intermediate
# component (-> ENOTDIR, the `is_dir` gate without which MFS would read a file's
# bytes as directory entries), a relative path (-> EINVAL: there is no working
# directory on minix.rs), a path field with no NUL anywhere (-> ENAMETOOLONG,
# never a silent truncation that could resolve to a different file), FS_READ on
# inode 0 (-> EINVAL), FS_READ on the root inode, a directory (-> EISDIR, the
# second line of defence behind open's), a grant issued to PM (-> EPERM, the
# kernel's `who_to` check), a CPF_READ-only grant used as a copy DESTINATION
# (-> EPERM), FS_READSUPER on minor 7 (-> ENXIO: the DEVICE does not exist), and a
# request one past the band (-> ENOSYS, and the reply itself is the assertion: a
# dropped unknown would block VFS in its SENDREC forever). None is reachable from
# init's open/read -- VFS refuses most of them before the wire -- which is exactly
# why they are sent from VFS's own prologue.
#
# Slice 5.10b adds four more: `FS_CREATE` on a name that already exists
# (-> EEXIST) with the target re-resolved afterwards to prove nothing changed --
# a dropped EEXIST would silently shadow the original entry with a second one,
# and the errno alone would not catch that; `FS_CREATE` under a parent that is a
# FILE, not a directory (-> ENOTDIR, the same `is_dir` gate on the create path);
# `FS_TRUNC` on a directory (-> EISDIR), aimed at `/deny`, which the image ships
# holding nothing but the EEXIST probe's own target: it has to be a real
# directory, but an accidental success must not be able to destroy a proof other
# than this battery's own -- aimed at `/etc` it would take five markers down at
# once and the log would not say which guard broke; and `FS_TRUNC` on inode 0
# (-> EINVAL).
[diag vfs] fs.deny ok n=14

# The memory driver's CDEV refusals, probed from VFS's prologue because VFS's own
# device table can never send them (it maps only minors that exist). Five, each
# well-formed but for one thing: minor 7 on a write and on a read (ENXIO from the
# driver's classify, on both requests independently), a negative length (EINVAL),
# GRANT_INVALID (EINVAL), and a CDEV_READ through a grant carrying only CPF_READ
# -- the driver passes it to SYS_SAFECOPY(SAFECOPY_TO) in good faith and the
# KERNEL refuses the direction (EPERM, relayed verbatim). That last one is the
# first such refusal on the CDEV band (MFS's bdev.deny battery already
# exercises the same kernel check on a BDEV_READ). Drop a check and its probe
# succeeds, turning this into `mem.deny FAIL <name>`.
[diag vfs] mem.deny ok n=5

# ---------------------------------------------------------------------------
# THE MILESTONE. A file's contents, read out of a MinixFS image by an ordinary
# user process and printed. The path is:
#
#   mkfs (build time) -> MXBI blob -> RAM frames -> memory driver -> BDEV_READ
#   -> MFS -> magic grant -> init's buffer -> VFS_WRITE -> TTY -> serial
#
# The line IS the file (kernel_shared::rootfs::ROOTFS_MOTD), written from the
# buffer the filesystem filled -- so nothing that did not actually read /etc/motd
# can print it.
# ---------------------------------------------------------------------------
minix.rs rootfs: motd from MFS

# ...and the two properties printing it does not prove. Emitted only when the
# first read moved bytes AND the second returned 0: the descriptor's position
# advanced (proved nowhere else in the boot), and EOF is 0 rather than an error.
# Self-checking -- no build-time constant appears in the condition -- so it cannot
# go stale if the file's contents change. Delete `do_read`'s `fd::advance` and the
# second read repeats the first, turning this into `fs.read FAIL`.
minix.rs init: fs.read ok match=1

# The descriptor allocator: open -> 3, open -> 4, close both, re-open -> 3. The
# numbers are absolute because they are a contract (0/1/2 are pre-opened in every
# process), and an allocator scanning from the wrong end would return 7 and pass
# any "did I get a descriptor" check. The re-open is what makes `close` observable
# at all, and this is the only exercise of VFS_CLOSE anywhere.
minix.rs init: fs.fd ok match=1

# /dev/zero through the whole POSIX path: open by path (VFS's device table,
# consulted after the path copy and BEFORE the mount -- a device needs no
# filesystem), then a 64-byte read that must come back whole and all-zero into a
# buffer poisoned with 0xA5, then a SECOND read that must also be 64 rather than
# EOF. The second read is what separates zero from null: swap the two minors in
# VFS's table and this prints `dev.zero FAIL short`. Clamp the driver's read and
# it prints the same. n= is the constant, pinned by a const assert.
minix.rs init: dev.zero ok n=64

# /dev/null: the 35-byte hello line is written and the WHOLE count must come
# back in one round (the memory driver does not clamp -- there is no staging
# buffer to protect), then a read must be EOF and must leave the poisoned buffer
# untouched. A write here issues no copy at all, which is why no bad-buffer
# probe may ever be aimed at /dev/null: it would succeed.
minix.rs init: dev.null ok n=35

# /dev/console: this line is written THROUGH the descriptor that open("/dev/
# console") returned, not through fd 1. Printing it on fd 1 after the open would
# prove only that a number came back; routing the table's console row to the
# memory driver makes this line vanish (discarded by null, or ENXIO), which is
# the proof that the row points at TTY.
minix.rs init: dev.console ok

# Twelve refusals from the POSIX side, on fd 2 so that descriptor stays exercised:
# a path with no such file (-> ENOENT), `/etc` (-> EISDIR from open::classify --
# delete that arm and open succeeds, handing back a descriptor every later read
# would have to refuse), a path filling the FS band's inline field
# (-> ENAMETOOLONG, refused before the wire), a negative path length (-> EINVAL,
# which unchecked would widen into a ~16 EiB u64 on the SYS_COPY), an unmapped
# path buffer (-> EFAULT from the kernel's page-table walk inside VFS's SYS_COPY),
# read() on fd 1 (-> ENOSYS, not EBADF: the descriptor is fine and CDEV_READ is
# what does not exist until Phase 6), and closing an already-closed descriptor
# (-> EBADF, which is what makes the re-open above mean something).
#
# It was eight until slice 5.10a, and the count moved on purpose. The retired
# probe was write() on a file descriptor, asserting `EROFS` -- which the write
# path turned into a *successful overwrite of /etc/motd*, silently, while every
# other marker stayed green. That is the 5.8 `VFS_WRITE + 1` lesson a second
# time: a denial probe must be written so that a growing capability makes it
# FAIL loudly, never pass vacuously, and the count moving is what makes its
# retirement a visible diff rather than a deletion nobody reviews.
#
# Slice 5.10b adds four flag-shaped refusals: O_CREAT naming a parent directory
# that does not exist (-> ENOENT from MFS's own walk of the directory), O_CREAT
# naming an existing directory (-> EISDIR, the create arm never taken), O_TRUNC
# naming a directory for the same reason, and a flag bit this build does not
# honour, spelled relative to O_UNKNOWN_BIT rather than as a literal so a flag
# becoming real fails this loudly instead of passing vacuously (-> EINVAL).
#
# Slice 5.11 adds `dev-no-such`: open("/dev/nope") must fall through the device
# table to MFS and answer ENOENT from the walk of a /dev that does not exist --
# a table that claimed the whole prefix, or matched by prefix, fails this. The
# read-console probe keeps ENOSYS, but the answer now comes from TTY's
# unknown-request arm over a real CDEV_READ rather than from VFS short-circuiting.
minix.rs init: open.deny ok n=12

# ---------------------------------------------------------------------------
# Slice 5.9: exec-from-FS -- /bin/hello, out of the filesystem (milestone B).
# ---------------------------------------------------------------------------

# PM resolves VFS through DS rather than hard-coding boot_endpoint(VFS_PROC_NR)
# -- the 5.3 contract, with the same non-deterministic-publish caveat (it works
# because build.rs packs vfs before pm) and the same distinguishable
# `vfs.ds FAIL ... fallback=` line. Resolved in `main`, never in `init_fresh`:
# VFS's own prologue ipc_sends PM, so a SENDREC from PM's init would be a cycle.
[diag pm] vfs.ds ok ep=

# VFS reads a whole file into its staging buffer at boot, over the real read
# path -- ten FS_MAX_IO rounds, so it drives the multi-round loop and the
# single-indirect zone arm underneath it. A short stream is EIO, not a short
# stage: an ELF cannot be loaded in pieces by a loader with no filesystem.
#
# /etc/pattern, NOT /bin/hello, and the count IS asserted because of it: 40 KiB
# is constant in every configuration (that is what slice 5.7 made the file
# mandatory for), while hello is ~46 KB with the SDK, ~200 KB with in-tree musl,
# and ~15 KB in the sysroot-absent fallback -- a marker keyed on hello would be
# vacuous in two configurations out of three (the 5.5/5.6 lesson). It is also
# ~5x cheaper, which matters: VFS's whole prologue runs before its receive loop,
# so every client waits behind this, and under CI's TCG the 200 KB version put
# qemu-smoke's 45-second budget at risk. Staging hello itself is not lost -- the
# live /bin/hello exec does exactly that, every other fork cycle.
[diag vfs] exec.stage ok n=40960

# Eight refusals, and every one of them is init exec'ing ITSELF -- which is safe
# only because a failed exec leaves the caller on its old image, so this battery
# IS the rollback proof. If any probe half-succeeded, init would be replaced
# mid-loop and every marker after this point would vanish with the system.
#
# The probes: a path with no such file (-> ENOENT), /etc (-> EISDIR from the
# stager's reuse of open::classify -- delete that arm and VFS stages a
# directory's raw blocks as an ELF), a relative path (-> ENOENT: the leading-`/`
# discriminator reads it as a MODULE name, and no such module is packed, so the
# right answer proves the discriminator rather than a validator), a bare name
# that is not in the archive (-> ENOENT, the arm that keeps the name form live),
# **/etc/motd** (-> ENOEXEC: it stages perfectly -- path resolves, 31 bytes read,
# granted to the kernel -- and the LOADER refuses it; the strongest probe here,
# driving the whole chain plus the rejection plus the rollback in one message,
# and the only thing that distinguishes ENOEXEC from the ENOMEM every loader
# failure used to fold into), a payload field with no NUL (-> ENAMETOOLONG,
# never a truncated path resolving to another program), an all-NUL field
# (-> EINVAL), and VFS_EXEC_STAGE sent by init directly (-> EPERM, the only
# exercise of VFS's not-PM guard anywhere). Reported on fd 1, through the write
# path under test, since init has no debug channel.
minix.rs init: exec.deny ok n=8

# ---------------------------------------------------------------------------
# Slice 5.10a: the MinixFS write path -- allocation, splicing, and write-back.
# ---------------------------------------------------------------------------

# The write path, end to end, from an ordinary user process. init writes 32 KiB
# to /etc/scratch -- which ships EMPTY, so every zone the file ends up with was
# allocated at runtime, the zone bitmap included -- then closes, re-opens, and
# reads the whole file back, comparing every byte against the generator.
#
# 32 KiB is eight blocks: seven direct zones and one indirect, so the file
# crosses the seam at 28672 and the allocation of the *indirect block itself* is
# on this marker. Same reason /etc/pattern has the length it does, one layer up.
#
# `n=` is the total the write path reported and `v=` the bytes that read back
# correct: the two fail independently, since a write that moved every byte and
# mis-reported the count would still verify, and a count that was right about
# bytes which never reached the inode would still read back short. `v=` is the
# WHOLE file rather than sampled windows, and that is not thoroughness for its
# own sake -- there is no lseek, so reaching any offset means reading every byte
# before it, and sampling would issue the same messages and then throw most of
# the comparisons away, leaving a defect confined to the middle direct zones
# (offsets 4096..28671) able to print `ok`. Both numbers are literals in init,
# which has no way to format an integer, so a `const _` assert ties them to
# ROOTFS_SCRATCH_LEN and a constant moving underneath them is a compile error.
#
# The re-open is load-bearing: it forces a fresh FS_LOOKUP, so a size that never
# reached the inode shows up as a short read instead of being papered over by a
# descriptor that remembered it. Nothing on this path caches a file size.
minix.rs init: fs.write ok n=32768 v=32768

# ---------------------------------------------------------------------------
# Slice 5.10b: MFS create/truncate -- new files, directory growth, holes, and
# the leak fix, each proved from init through the path under test.
# ---------------------------------------------------------------------------

# fs.trunc runs immediately after fs.write: it truncates the very file that
# probe just filled, re-opens (a fresh FS_LOOKUP, so a size that never reached
# the inode shows up as a non-empty read), and reads back a clean EOF at
# position 0 -- an empty file. Running it first would truncate an already-empty
# file and prove nothing.
minix.rs init: fs.trunc ok n=0

# /etc/new does not exist until this runs, so every part of it -- the inode
# bitmap bit, the inode itself, and the directory entry naming it -- was
# produced at run time. Create, write, close, then re-open WITHOUT O_CREAT: the
# file has to be findable by an ordinary lookup, which is what proves the
# directory entry reached the device rather than only an inode having been
# allocated.
minix.rs init: fs.create ok n=25

# /full ships 62 empty files, so with `.` and `..` its one block holds all 64
# slots and this create MUST allocate a second directory zone -- an arm no
# other boot probe reaches. The read-back proves growth worked: the entry
# lands in the new block, so finding it at all means the parent's new zone
# pointer and its new size both reached the inode.
minix.rs init: fs.dirgrow ok n=25

# The only probe that reaches the second half of MFS's inode write-back
# condition -- "a zone was assigned OR the size grew". /etc/holey's first block
# is a hole; writing at position 0 assigns zone[0] while size stays 8192, so
# keying the write-back on size alone would drop that pointer while leaving its
# bitmap bit set -- the bitmap and the inode disagreeing about a live zone,
# corruption rather than a leak. Verifies the WHOLE file, not sampled windows:
# there is no lseek, so reaching any offset already read every byte before it,
# and a mutation corrupting one byte in the middle would otherwise still print
# ok.
minix.rs init: fs.hole ok

# Proves slice 5.10b's leak fix: /etc/leak is created, then 256 writes aimed at
# an unmapped buffer must all answer EFAULT from the kernel's page-table walk,
# each allocating nothing, before one real write succeeds. Before the fix, 256
# failing writes leaked more zones than the image has free and the final write
# answered ENOSPC. The count is ROOTFS_IMAGE_BLOCKS, which exceeds any possible
# free-zone count the image can have, so it is config-independent by
# construction rather than by measurement -- the slice-5.5/5.6 trap, avoided
# rather than measured around.
minix.rs init: fs.leak ok n=256
